// Jest Snapshot v1, https://goo.gl/fbAQLP

exports[`PokeList Snapshot 1`] = `ShallowWrapper {}`;
